    Checking rustosk v0.7.6 (C:\Users\1\OneDrive\czh\osk\rust\src-tauri)
warning: unused imports: `HWND_TOPMOST` and `WS_EX_TOPMOST`
 --> src\system\window_manager.rs:5:84
  |
5 |     GetWindowLongPtrW, SetWindowLongPtrW, SetWindowPos, GWL_EXSTYLE, GWLP_WNDPROC, HWND_TOPMOST,
  |                                                                                    ^^^^^^^^^^^^
6 |     SWP_NOACTIVATE, SWP_NOMOVE, SWP_NOSIZE, WS_EX_NOACTIVATE, WS_EX_TOOLWINDOW,
7 |     WS_EX_TOPMOST, WM_MOUSEACTIVATE, MA_NOACTIVATE, CallWindowProcW, ShowWindow, SW_SHOWNOACTIVATE,
  |     ^^^^^^^^^^^^^
  |
  = note: `#[warn(unused_imports)]` (part of `#[warn(unused)]`) on by default

error[E0599]: no method named `emit` found for struct `tauri::WebviewWindow<R>` in the current scope
   --> src\lib.rs:68:48
    |
 68 | ...                   let _ = window.emit("backend_pin_updated", false);
    |                                      ^^^^
    |
   ::: C:\Users\1\.cargo\registry\src\index.crates.io-1949cf8c6b5b557f\tauri-2.10.3\src\lib.rs:952:6
    |
952 |   fn emit<S: Serialize + Clone>(&self, event: &str, payload: S) -> Result<()> {
    |      ---- the method is available for `tauri::WebviewWindow` here
    |
    = help: items from traits can only be used if the trait is in scope
help: there is a method `emit_to` with a similar name, but with different arguments
   --> C:\Users\1\.cargo\registry\src\index.crates.io-1949cf8c6b5b557f\tauri-2.10.3\src\lib.rs:987:3
    |
987 | /   fn emit_to<I, S>(&self, target: I, event: &str, payload: S) -> Result<()>
988 | |   where
989 | |     I: Into<EventTarget>,
990 | |     S: Serialize + Clone,
    | |_________________________^
help: trait `Emitter` which provides `emit` is implemented but not in scope; perhaps you want to import it
    |
  1 + use tauri::Emitter;
    |

error[E0599]: no method named `emit` found for struct `tauri::WebviewWindow<R>` in the current scope
   --> src\lib.rs:75:48
    |
 75 | ...                   let _ = window.emit("backend_pin_updated", true);
    |                                      ^^^^
    |
   ::: C:\Users\1\.cargo\registry\src\index.crates.io-1949cf8c6b5b557f\tauri-2.10.3\src\lib.rs:952:6
    |
952 |   fn emit<S: Serialize + Clone>(&self, event: &str, payload: S) -> Result<()> {
    |      ---- the method is available for `tauri::WebviewWindow` here
    |
    = help: items from traits can only be used if the trait is in scope
help: there is a method `emit_to` with a similar name, but with different arguments
   --> C:\Users\1\.cargo\registry\src\index.crates.io-1949cf8c6b5b557f\tauri-2.10.3\src\lib.rs:987:3
    |
987 | /   fn emit_to<I, S>(&self, target: I, event: &str, payload: S) -> Result<()>
988 | |   where
989 | |     I: Into<EventTarget>,
990 | |     S: Serialize + Clone,
    | |_________________________^
help: trait `Emitter` which provides `emit` is implemented but not in scope; perhaps you want to import it
    |
  1 + use tauri::Emitter;
    |

For more information about this error, try `rustc --explain E0599`.
warning: `rustosk` (lib) generated 1 warning
error: could not compile `rustosk` (lib) due to 2 previous errors; 1 warning emitted
